// Jest Snapshot v1, https://goo.gl/fbAQLP

exports[`<StaticLocationProvider /> Should render component with provider 1`] = `
Array [
  <Text
    testID="testComponentText"
  />,
  <View
    accessible={true}
    collapsable={false}
    focusable={true}
    onBlur={[Function]}
    onClick={[Function]}
    onFocus={[Function]}
    onResponderGrant={[Function]}
    onResponderMove={[Function]}
    onResponderRelease={[Function]}
    onResponderTerminate={[Function]}
    onResponderTerminationRequest={[Function]}
    onStartShouldSetResponder={[Function]}
    testID="testComponentButton"
  />,
]
`;
