// Jest Snapshot v1, https://goo.gl/fbAQLP

exports[`<SmallWhiteBtn /> Rendering Should fire onPressEvent 1`] = `
Array [
  <View
    accessible={true}
    collapsable={false}
    focusable={true}
    nativeID="animatedComponent"
    onClick={[Function]}
    onResponderGrant={[Function]}
    onResponderMove={[Function]}
    onResponderRelease={[Function]}
    onResponderTerminate={[Function]}
    onResponderTerminationRequest={[Function]}
    onStartShouldSetResponder={[Function]}
    style={
      Object {
        "alignItems": "center",
        "backgroundColor": "#fff",
        "borderColor": "#33555555",
        "borderRadius": 90.57971014492753,
        "borderWidth": 1,
        "display": "flex",
        "height": "100%",
        "justifyContent": "center",
        "opacity": 1,
        "paddingLeft": 28.07971014492754,
        "paddingRight": 28.07971014492754,
      }
    }
    testID="small-white-btn"
  >
    <Text
      style={
        Array [
          Object {
            "color": "#313131",
            "fontFamily": "DIN2014Narrow-Bold",
            "fontSize": 32.608695652173914,
            "textAlign": "center",
          },
          undefined,
        ]
      }
    >
      Test
    </Text>
  </View>,
  <View
    style={
      Array [
        Object {
          "position": "absolute",
          "width": "100%",
        },
        undefined,
      ]
    }
  >
    <View
      collapsable={false}
      nativeID="animatedComponent"
      style={
        Object {
          "backgroundColor": "#313131",
          "bottom": 0,
          "height": 0,
          "justifyContent": "flex-end",
          "left": 0,
          "position": "absolute",
          "right": 0,
          "top": 0,
          "width": "100%",
          "zIndex": 1000,
        }
      }
    >
      <Text
        collapsable={false}
        nativeID="animatedComponent"
        numberOfLines={1}
        style={
          Object {
            "color": "#ffffff",
            "fontFamily": "DIN2014Narrow-Regular",
            "fontSize": 13,
            "letterSpacing": 0.4,
            "opacity": 0,
            "paddingBottom": 7.444196428571429,
            "paddingHorizontal": 36.231884057971016,
            "textAlign": "center",
          }
        }
      >
        
      </Text>
    </View>
  </View>,
]
`;

exports[`<SmallWhiteBtn /> Rendering Should match snapshot - with onPress 1`] = `
Array [
  <View
    accessible={true}
    collapsable={false}
    focusable={true}
    nativeID="animatedComponent"
    onClick={[Function]}
    onResponderGrant={[Function]}
    onResponderMove={[Function]}
    onResponderRelease={[Function]}
    onResponderTerminate={[Function]}
    onResponderTerminationRequest={[Function]}
    onStartShouldSetResponder={[Function]}
    style={
      Object {
        "alignItems": "center",
        "backgroundColor": "#fff",
        "borderColor": "#33555555",
        "borderRadius": 90.57971014492753,
        "borderWidth": 1,
        "display": "flex",
        "height": "100%",
        "justifyContent": "center",
        "opacity": 1,
        "paddingLeft": 28.07971014492754,
        "paddingRight": 28.07971014492754,
      }
    }
    testID="small-white-btn"
  >
    <Text
      style={
        Array [
          Object {
            "color": "#313131",
            "fontFamily": "DIN2014Narrow-Bold",
            "fontSize": 32.608695652173914,
            "textAlign": "center",
          },
          undefined,
        ]
      }
    >
      Test
    </Text>
  </View>,
  <View
    style={
      Array [
        Object {
          "position": "absolute",
          "width": "100%",
        },
        undefined,
      ]
    }
  >
    <View
      collapsable={false}
      nativeID="animatedComponent"
      style={
        Object {
          "backgroundColor": "#313131",
          "bottom": 0,
          "height": 0,
          "justifyContent": "flex-end",
          "left": 0,
          "position": "absolute",
          "right": 0,
          "top": 0,
          "width": "100%",
          "zIndex": 1000,
        }
      }
    >
      <Text
        collapsable={false}
        nativeID="animatedComponent"
        numberOfLines={1}
        style={
          Object {
            "color": "#ffffff",
            "fontFamily": "DIN2014Narrow-Regular",
            "fontSize": 13,
            "letterSpacing": 0.4,
            "opacity": 0,
            "paddingBottom": 7.444196428571429,
            "paddingHorizontal": 36.231884057971016,
            "textAlign": "center",
          }
        }
      >
        
      </Text>
    </View>
  </View>,
]
`;

exports[`<SmallWhiteBtn /> Rendering Should match snapshot 1`] = `
Array [
  <View
    accessible={true}
    collapsable={false}
    focusable={true}
    nativeID="animatedComponent"
    onClick={[Function]}
    onResponderGrant={[Function]}
    onResponderMove={[Function]}
    onResponderRelease={[Function]}
    onResponderTerminate={[Function]}
    onResponderTerminationRequest={[Function]}
    onStartShouldSetResponder={[Function]}
    style={
      Object {
        "alignItems": "center",
        "backgroundColor": "#fff",
        "borderColor": "#33555555",
        "borderRadius": 90.57971014492753,
        "borderWidth": 1,
        "display": "flex",
        "height": "100%",
        "justifyContent": "center",
        "opacity": 1,
        "paddingLeft": 28.07971014492754,
        "paddingRight": 28.07971014492754,
      }
    }
    testID="small-white-btn"
  >
    <Text
      style={
        Array [
          Object {
            "color": "#313131",
            "fontFamily": "DIN2014Narrow-Bold",
            "fontSize": 32.608695652173914,
            "textAlign": "center",
          },
          undefined,
        ]
      }
    >
      Test
    </Text>
  </View>,
  <View
    style={
      Array [
        Object {
          "position": "absolute",
          "width": "100%",
        },
        undefined,
      ]
    }
  >
    <View
      collapsable={false}
      nativeID="animatedComponent"
      style={
        Object {
          "backgroundColor": "#313131",
          "bottom": 0,
          "height": 0,
          "justifyContent": "flex-end",
          "left": 0,
          "position": "absolute",
          "right": 0,
          "top": 0,
          "width": "100%",
          "zIndex": 1000,
        }
      }
    >
      <Text
        collapsable={false}
        nativeID="animatedComponent"
        numberOfLines={1}
        style={
          Object {
            "color": "#ffffff",
            "fontFamily": "DIN2014Narrow-Regular",
            "fontSize": 13,
            "letterSpacing": 0.4,
            "opacity": 0,
            "paddingBottom": 7.444196428571429,
            "paddingHorizontal": 36.231884057971016,
            "textAlign": "center",
          }
        }
      >
        
      </Text>
    </View>
  </View>,
]
`;
