// Jest Snapshot v1, https://goo.gl/fbAQLP

exports[`[useSharedMapData - hooks] Should return data when data is fetched 1`] = `
Map {
  "author": "Rowerzysta",
  "createdAt": "2021-06-23T12:30:49.772Z",
  "date": undefined,
  "description": "Test decription",
  "difficulty": Array [
    "hard",
  ],
  "distance": 488,
  "distanceToRoute": undefined,
  "downloads": null,
  "id": "geBfainF5oLEFMyRyOjZZIedImdwfDyv",
  "images": Array [
    Object {
      "id": "14_jm7ivZReSKDiPEY7g",
      "type": "photo",
      "variants": Object {
        "horizontal": Array [
          Object {
            "height": 256,
            "url": "https://public.pre.mykross.kross.pl/cycling-map/geBfainF5oLEFMyRyOjZZIedImdwfDyv/14_jm7ivZReSKDiPEY7g_horizontal_320.jpg",
            "width": 320,
          },
          Object {
            "height": 614,
            "url": "https://public.pre.mykross.kross.pl/cycling-map/geBfainF5oLEFMyRyOjZZIedImdwfDyv/14_jm7ivZReSKDiPEY7g_horizontal_768.jpg",
            "width": 768,
          },
          Object {
            "height": 925,
            "url": "https://public.pre.mykross.kross.pl/cycling-map/geBfainF5oLEFMyRyOjZZIedImdwfDyv/14_jm7ivZReSKDiPEY7g_horizontal_1156.jpg",
            "width": 1156,
          },
        ],
        "share": Array [
          Object {
            "height": 168,
            "url": "https://public.pre.mykross.kross.pl/cycling-map/geBfainF5oLEFMyRyOjZZIedImdwfDyv/14_jm7ivZReSKDiPEY7g_share_320.jpg",
            "width": 320,
          },
          Object {
            "height": 402,
            "url": "https://public.pre.mykross.kross.pl/cycling-map/geBfainF5oLEFMyRyOjZZIedImdwfDyv/14_jm7ivZReSKDiPEY7g_share_768.jpg",
            "width": 768,
          },
          Object {
            "height": 605,
            "url": "https://public.pre.mykross.kross.pl/cycling-map/geBfainF5oLEFMyRyOjZZIedImdwfDyv/14_jm7ivZReSKDiPEY7g_share_1156.jpg",
            "width": 1156,
          },
        ],
        "square": Array [
          Object {
            "height": 320,
            "url": "https://public.pre.mykross.kross.pl/cycling-map/geBfainF5oLEFMyRyOjZZIedImdwfDyv/14_jm7ivZReSKDiPEY7g_square_320.jpg",
            "width": 320,
          },
          Object {
            "height": 768,
            "url": "https://public.pre.mykross.kross.pl/cycling-map/geBfainF5oLEFMyRyOjZZIedImdwfDyv/14_jm7ivZReSKDiPEY7g_square_768.jpg",
            "width": 768,
          },
          Object {
            "height": 1156,
            "url": "https://public.pre.mykross.kross.pl/cycling-map/geBfainF5oLEFMyRyOjZZIedImdwfDyv/14_jm7ivZReSKDiPEY7g_square_1156.jpg",
            "width": 1156,
          },
        ],
        "vertical": Array [
          Object {
            "height": 400,
            "url": "https://public.pre.mykross.kross.pl/cycling-map/geBfainF5oLEFMyRyOjZZIedImdwfDyv/14_jm7ivZReSKDiPEY7g_vertical_320.jpg",
            "width": 320,
          },
          Object {
            "height": 960,
            "url": "https://public.pre.mykross.kross.pl/cycling-map/geBfainF5oLEFMyRyOjZZIedImdwfDyv/14_jm7ivZReSKDiPEY7g_vertical_768.jpg",
            "width": 768,
          },
          Object {
            "height": 1445,
            "url": "https://public.pre.mykross.kross.pl/cycling-map/geBfainF5oLEFMyRyOjZZIedImdwfDyv/14_jm7ivZReSKDiPEY7g_vertical_1156.jpg",
            "width": 1156,
          },
        ],
      },
    },
    Object {
      "id": "G1XlC0e45VU4FN5RpY-L",
      "type": "photo",
      "variants": Object {
        "horizontal": Array [
          Object {
            "height": 256,
            "url": "https://public.pre.mykross.kross.pl/cycling-map/geBfainF5oLEFMyRyOjZZIedImdwfDyv/G1XlC0e45VU4FN5RpY-L_horizontal_320.jpg",
            "width": 320,
          },
          Object {
            "height": 614,
            "url": "https://public.pre.mykross.kross.pl/cycling-map/geBfainF5oLEFMyRyOjZZIedImdwfDyv/G1XlC0e45VU4FN5RpY-L_horizontal_768.jpg",
            "width": 768,
          },
          Object {
            "height": 925,
            "url": "https://public.pre.mykross.kross.pl/cycling-map/geBfainF5oLEFMyRyOjZZIedImdwfDyv/G1XlC0e45VU4FN5RpY-L_horizontal_1156.jpg",
            "width": 1156,
          },
        ],
        "share": Array [
          Object {
            "height": 168,
            "url": "https://public.pre.mykross.kross.pl/cycling-map/geBfainF5oLEFMyRyOjZZIedImdwfDyv/G1XlC0e45VU4FN5RpY-L_share_320.jpg",
            "width": 320,
          },
          Object {
            "height": 402,
            "url": "https://public.pre.mykross.kross.pl/cycling-map/geBfainF5oLEFMyRyOjZZIedImdwfDyv/G1XlC0e45VU4FN5RpY-L_share_768.jpg",
            "width": 768,
          },
          Object {
            "height": 605,
            "url": "https://public.pre.mykross.kross.pl/cycling-map/geBfainF5oLEFMyRyOjZZIedImdwfDyv/G1XlC0e45VU4FN5RpY-L_share_1156.jpg",
            "width": 1156,
          },
        ],
        "square": Array [
          Object {
            "height": 320,
            "url": "https://public.pre.mykross.kross.pl/cycling-map/geBfainF5oLEFMyRyOjZZIedImdwfDyv/G1XlC0e45VU4FN5RpY-L_square_320.jpg",
            "width": 320,
          },
          Object {
            "height": 768,
            "url": "https://public.pre.mykross.kross.pl/cycling-map/geBfainF5oLEFMyRyOjZZIedImdwfDyv/G1XlC0e45VU4FN5RpY-L_square_768.jpg",
            "width": 768,
          },
          Object {
            "height": 1156,
            "url": "https://public.pre.mykross.kross.pl/cycling-map/geBfainF5oLEFMyRyOjZZIedImdwfDyv/G1XlC0e45VU4FN5RpY-L_square_1156.jpg",
            "width": 1156,
          },
        ],
        "vertical": Array [
          Object {
            "height": 400,
            "url": "https://public.pre.mykross.kross.pl/cycling-map/geBfainF5oLEFMyRyOjZZIedImdwfDyv/G1XlC0e45VU4FN5RpY-L_vertical_320.jpg",
            "width": 320,
          },
          Object {
            "height": 960,
            "url": "https://public.pre.mykross.kross.pl/cycling-map/geBfainF5oLEFMyRyOjZZIedImdwfDyv/G1XlC0e45VU4FN5RpY-L_vertical_768.jpg",
            "width": 768,
          },
          Object {
            "height": 1445,
            "url": "https://public.pre.mykross.kross.pl/cycling-map/geBfainF5oLEFMyRyOjZZIedImdwfDyv/G1XlC0e45VU4FN5RpY-L_vertical_1156.jpg",
            "width": 1156,
          },
        ],
      },
    },
    Object {
      "id": "Ic2Y3tQ0TIBCTKaIBf-8",
      "type": "photo",
      "variants": Object {
        "horizontal": Array [
          Object {
            "height": 256,
            "url": "https://public.pre.mykross.kross.pl/cycling-map/geBfainF5oLEFMyRyOjZZIedImdwfDyv/Ic2Y3tQ0TIBCTKaIBf-8_horizontal_320.jpg",
            "width": 320,
          },
          Object {
            "height": 614,
            "url": "https://public.pre.mykross.kross.pl/cycling-map/geBfainF5oLEFMyRyOjZZIedImdwfDyv/Ic2Y3tQ0TIBCTKaIBf-8_horizontal_768.jpg",
            "width": 768,
          },
          Object {
            "height": 925,
            "url": "https://public.pre.mykross.kross.pl/cycling-map/geBfainF5oLEFMyRyOjZZIedImdwfDyv/Ic2Y3tQ0TIBCTKaIBf-8_horizontal_1156.jpg",
            "width": 1156,
          },
        ],
        "share": Array [
          Object {
            "height": 168,
            "url": "https://public.pre.mykross.kross.pl/cycling-map/geBfainF5oLEFMyRyOjZZIedImdwfDyv/Ic2Y3tQ0TIBCTKaIBf-8_share_320.jpg",
            "width": 320,
          },
          Object {
            "height": 402,
            "url": "https://public.pre.mykross.kross.pl/cycling-map/geBfainF5oLEFMyRyOjZZIedImdwfDyv/Ic2Y3tQ0TIBCTKaIBf-8_share_768.jpg",
            "width": 768,
          },
          Object {
            "height": 605,
            "url": "https://public.pre.mykross.kross.pl/cycling-map/geBfainF5oLEFMyRyOjZZIedImdwfDyv/Ic2Y3tQ0TIBCTKaIBf-8_share_1156.jpg",
            "width": 1156,
          },
        ],
        "square": Array [
          Object {
            "height": 320,
            "url": "https://public.pre.mykross.kross.pl/cycling-map/geBfainF5oLEFMyRyOjZZIedImdwfDyv/Ic2Y3tQ0TIBCTKaIBf-8_square_320.jpg",
            "width": 320,
          },
          Object {
            "height": 768,
            "url": "https://public.pre.mykross.kross.pl/cycling-map/geBfainF5oLEFMyRyOjZZIedImdwfDyv/Ic2Y3tQ0TIBCTKaIBf-8_square_768.jpg",
            "width": 768,
          },
          Object {
            "height": 1156,
            "url": "https://public.pre.mykross.kross.pl/cycling-map/geBfainF5oLEFMyRyOjZZIedImdwfDyv/Ic2Y3tQ0TIBCTKaIBf-8_square_1156.jpg",
            "width": 1156,
          },
        ],
        "vertical": Array [
          Object {
            "height": 400,
            "url": "https://public.pre.mykross.kross.pl/cycling-map/geBfainF5oLEFMyRyOjZZIedImdwfDyv/Ic2Y3tQ0TIBCTKaIBf-8_vertical_320.jpg",
            "width": 320,
          },
          Object {
            "height": 960,
            "url": "https://public.pre.mykross.kross.pl/cycling-map/geBfainF5oLEFMyRyOjZZIedImdwfDyv/Ic2Y3tQ0TIBCTKaIBf-8_vertical_768.jpg",
            "width": 768,
          },
          Object {
            "height": 1445,
            "url": "https://public.pre.mykross.kross.pl/cycling-map/geBfainF5oLEFMyRyOjZZIedImdwfDyv/Ic2Y3tQ0TIBCTKaIBf-8_vertical_1156.jpg",
            "width": 1156,
          },
        ],
      },
    },
    Object {
      "id": "LW8adjKzSn5mI1i57cU-",
      "type": "photo",
      "variants": Object {
        "horizontal": Array [
          Object {
            "height": 256,
            "url": "https://public.pre.mykross.kross.pl/cycling-map/geBfainF5oLEFMyRyOjZZIedImdwfDyv/LW8adjKzSn5mI1i57cU-_horizontal_320.jpg",
            "width": 320,
          },
          Object {
            "height": 614,
            "url": "https://public.pre.mykross.kross.pl/cycling-map/geBfainF5oLEFMyRyOjZZIedImdwfDyv/LW8adjKzSn5mI1i57cU-_horizontal_768.jpg",
            "width": 768,
          },
          Object {
            "height": 925,
            "url": "https://public.pre.mykross.kross.pl/cycling-map/geBfainF5oLEFMyRyOjZZIedImdwfDyv/LW8adjKzSn5mI1i57cU-_horizontal_1156.jpg",
            "width": 1156,
          },
        ],
        "share": Array [
          Object {
            "height": 168,
            "url": "https://public.pre.mykross.kross.pl/cycling-map/geBfainF5oLEFMyRyOjZZIedImdwfDyv/LW8adjKzSn5mI1i57cU-_share_320.jpg",
            "width": 320,
          },
          Object {
            "height": 402,
            "url": "https://public.pre.mykross.kross.pl/cycling-map/geBfainF5oLEFMyRyOjZZIedImdwfDyv/LW8adjKzSn5mI1i57cU-_share_768.jpg",
            "width": 768,
          },
          Object {
            "height": 605,
            "url": "https://public.pre.mykross.kross.pl/cycling-map/geBfainF5oLEFMyRyOjZZIedImdwfDyv/LW8adjKzSn5mI1i57cU-_share_1156.jpg",
            "width": 1156,
          },
        ],
        "square": Array [
          Object {
            "height": 320,
            "url": "https://public.pre.mykross.kross.pl/cycling-map/geBfainF5oLEFMyRyOjZZIedImdwfDyv/LW8adjKzSn5mI1i57cU-_square_320.jpg",
            "width": 320,
          },
          Object {
            "height": 768,
            "url": "https://public.pre.mykross.kross.pl/cycling-map/geBfainF5oLEFMyRyOjZZIedImdwfDyv/LW8adjKzSn5mI1i57cU-_square_768.jpg",
            "width": 768,
          },
          Object {
            "height": 1156,
            "url": "https://public.pre.mykross.kross.pl/cycling-map/geBfainF5oLEFMyRyOjZZIedImdwfDyv/LW8adjKzSn5mI1i57cU-_square_1156.jpg",
            "width": 1156,
          },
        ],
        "vertical": Array [
          Object {
            "height": 400,
            "url": "https://public.pre.mykross.kross.pl/cycling-map/geBfainF5oLEFMyRyOjZZIedImdwfDyv/LW8adjKzSn5mI1i57cU-_vertical_320.jpg",
            "width": 320,
          },
          Object {
            "height": 960,
            "url": "https://public.pre.mykross.kross.pl/cycling-map/geBfainF5oLEFMyRyOjZZIedImdwfDyv/LW8adjKzSn5mI1i57cU-_vertical_768.jpg",
            "width": 768,
          },
          Object {
            "height": 1445,
            "url": "https://public.pre.mykross.kross.pl/cycling-map/geBfainF5oLEFMyRyOjZZIedImdwfDyv/LW8adjKzSn5mI1i57cU-_vertical_1156.jpg",
            "width": 1156,
          },
        ],
      },
    },
    Object {
      "id": "UebMsZV12rrPR2esEFT3",
      "type": "photo",
      "variants": Object {
        "horizontal": Array [
          Object {
            "height": 256,
            "url": "https://public.pre.mykross.kross.pl/cycling-map/geBfainF5oLEFMyRyOjZZIedImdwfDyv/UebMsZV12rrPR2esEFT3_horizontal_320.jpg",
            "width": 320,
          },
          Object {
            "height": 614,
            "url": "https://public.pre.mykross.kross.pl/cycling-map/geBfainF5oLEFMyRyOjZZIedImdwfDyv/UebMsZV12rrPR2esEFT3_horizontal_768.jpg",
            "width": 768,
          },
          Object {
            "height": 925,
            "url": "https://public.pre.mykross.kross.pl/cycling-map/geBfainF5oLEFMyRyOjZZIedImdwfDyv/UebMsZV12rrPR2esEFT3_horizontal_1156.jpg",
            "width": 1156,
          },
        ],
        "share": Array [
          Object {
            "height": 168,
            "url": "https://public.pre.mykross.kross.pl/cycling-map/geBfainF5oLEFMyRyOjZZIedImdwfDyv/UebMsZV12rrPR2esEFT3_share_320.jpg",
            "width": 320,
          },
          Object {
            "height": 402,
            "url": "https://public.pre.mykross.kross.pl/cycling-map/geBfainF5oLEFMyRyOjZZIedImdwfDyv/UebMsZV12rrPR2esEFT3_share_768.jpg",
            "width": 768,
          },
          Object {
            "height": 605,
            "url": "https://public.pre.mykross.kross.pl/cycling-map/geBfainF5oLEFMyRyOjZZIedImdwfDyv/UebMsZV12rrPR2esEFT3_share_1156.jpg",
            "width": 1156,
          },
        ],
        "square": Array [
          Object {
            "height": 320,
            "url": "https://public.pre.mykross.kross.pl/cycling-map/geBfainF5oLEFMyRyOjZZIedImdwfDyv/UebMsZV12rrPR2esEFT3_square_320.jpg",
            "width": 320,
          },
          Object {
            "height": 768,
            "url": "https://public.pre.mykross.kross.pl/cycling-map/geBfainF5oLEFMyRyOjZZIedImdwfDyv/UebMsZV12rrPR2esEFT3_square_768.jpg",
            "width": 768,
          },
          Object {
            "height": 1156,
            "url": "https://public.pre.mykross.kross.pl/cycling-map/geBfainF5oLEFMyRyOjZZIedImdwfDyv/UebMsZV12rrPR2esEFT3_square_1156.jpg",
            "width": 1156,
          },
        ],
        "vertical": Array [
          Object {
            "height": 400,
            "url": "https://public.pre.mykross.kross.pl/cycling-map/geBfainF5oLEFMyRyOjZZIedImdwfDyv/UebMsZV12rrPR2esEFT3_vertical_320.jpg",
            "width": 320,
          },
          Object {
            "height": 960,
            "url": "https://public.pre.mykross.kross.pl/cycling-map/geBfainF5oLEFMyRyOjZZIedImdwfDyv/UebMsZV12rrPR2esEFT3_vertical_768.jpg",
            "width": 768,
          },
          Object {
            "height": 1445,
            "url": "https://public.pre.mykross.kross.pl/cycling-map/geBfainF5oLEFMyRyOjZZIedImdwfDyv/UebMsZV12rrPR2esEFT3_vertical_1156.jpg",
            "width": 1156,
          },
        ],
      },
    },
    Object {
      "id": "gf2CKq03MYO9wiY20nom",
      "type": "photo",
      "variants": Object {
        "horizontal": Array [
          Object {
            "height": 256,
            "url": "https://public.pre.mykross.kross.pl/cycling-map/geBfainF5oLEFMyRyOjZZIedImdwfDyv/gf2CKq03MYO9wiY20nom_horizontal_320.jpg",
            "width": 320,
          },
          Object {
            "height": 614,
            "url": "https://public.pre.mykross.kross.pl/cycling-map/geBfainF5oLEFMyRyOjZZIedImdwfDyv/gf2CKq03MYO9wiY20nom_horizontal_768.jpg",
            "width": 768,
          },
          Object {
            "height": 925,
            "url": "https://public.pre.mykross.kross.pl/cycling-map/geBfainF5oLEFMyRyOjZZIedImdwfDyv/gf2CKq03MYO9wiY20nom_horizontal_1156.jpg",
            "width": 1156,
          },
        ],
        "share": Array [
          Object {
            "height": 168,
            "url": "https://public.pre.mykross.kross.pl/cycling-map/geBfainF5oLEFMyRyOjZZIedImdwfDyv/gf2CKq03MYO9wiY20nom_share_320.jpg",
            "width": 320,
          },
          Object {
            "height": 402,
            "url": "https://public.pre.mykross.kross.pl/cycling-map/geBfainF5oLEFMyRyOjZZIedImdwfDyv/gf2CKq03MYO9wiY20nom_share_768.jpg",
            "width": 768,
          },
          Object {
            "height": 605,
            "url": "https://public.pre.mykross.kross.pl/cycling-map/geBfainF5oLEFMyRyOjZZIedImdwfDyv/gf2CKq03MYO9wiY20nom_share_1156.jpg",
            "width": 1156,
          },
        ],
        "square": Array [
          Object {
            "height": 320,
            "url": "https://public.pre.mykross.kross.pl/cycling-map/geBfainF5oLEFMyRyOjZZIedImdwfDyv/gf2CKq03MYO9wiY20nom_square_320.jpg",
            "width": 320,
          },
          Object {
            "height": 768,
            "url": "https://public.pre.mykross.kross.pl/cycling-map/geBfainF5oLEFMyRyOjZZIedImdwfDyv/gf2CKq03MYO9wiY20nom_square_768.jpg",
            "width": 768,
          },
          Object {
            "height": 1156,
            "url": "https://public.pre.mykross.kross.pl/cycling-map/geBfainF5oLEFMyRyOjZZIedImdwfDyv/gf2CKq03MYO9wiY20nom_square_1156.jpg",
            "width": 1156,
          },
        ],
        "vertical": Array [
          Object {
            "height": 400,
            "url": "https://public.pre.mykross.kross.pl/cycling-map/geBfainF5oLEFMyRyOjZZIedImdwfDyv/gf2CKq03MYO9wiY20nom_vertical_320.jpg",
            "width": 320,
          },
          Object {
            "height": 960,
            "url": "https://public.pre.mykross.kross.pl/cycling-map/geBfainF5oLEFMyRyOjZZIedImdwfDyv/gf2CKq03MYO9wiY20nom_vertical_768.jpg",
            "width": 768,
          },
          Object {
            "height": 1445,
            "url": "https://public.pre.mykross.kross.pl/cycling-map/geBfainF5oLEFMyRyOjZZIedImdwfDyv/gf2CKq03MYO9wiY20nom_vertical_1156.jpg",
            "width": 1156,
          },
        ],
      },
    },
    Object {
      "id": "hxuDvZ7nY6FFMehjFd5n",
      "type": "photo",
      "variants": Object {
        "horizontal": Array [
          Object {
            "height": 256,
            "url": "https://public.pre.mykross.kross.pl/cycling-map/geBfainF5oLEFMyRyOjZZIedImdwfDyv/hxuDvZ7nY6FFMehjFd5n_horizontal_320.jpg",
            "width": 320,
          },
          Object {
            "height": 614,
            "url": "https://public.pre.mykross.kross.pl/cycling-map/geBfainF5oLEFMyRyOjZZIedImdwfDyv/hxuDvZ7nY6FFMehjFd5n_horizontal_768.jpg",
            "width": 768,
          },
          Object {
            "height": 925,
            "url": "https://public.pre.mykross.kross.pl/cycling-map/geBfainF5oLEFMyRyOjZZIedImdwfDyv/hxuDvZ7nY6FFMehjFd5n_horizontal_1156.jpg",
            "width": 1156,
          },
        ],
        "share": Array [
          Object {
            "height": 168,
            "url": "https://public.pre.mykross.kross.pl/cycling-map/geBfainF5oLEFMyRyOjZZIedImdwfDyv/hxuDvZ7nY6FFMehjFd5n_share_320.jpg",
            "width": 320,
          },
          Object {
            "height": 402,
            "url": "https://public.pre.mykross.kross.pl/cycling-map/geBfainF5oLEFMyRyOjZZIedImdwfDyv/hxuDvZ7nY6FFMehjFd5n_share_768.jpg",
            "width": 768,
          },
          Object {
            "height": 605,
            "url": "https://public.pre.mykross.kross.pl/cycling-map/geBfainF5oLEFMyRyOjZZIedImdwfDyv/hxuDvZ7nY6FFMehjFd5n_share_1156.jpg",
            "width": 1156,
          },
        ],
        "square": Array [
          Object {
            "height": 320,
            "url": "https://public.pre.mykross.kross.pl/cycling-map/geBfainF5oLEFMyRyOjZZIedImdwfDyv/hxuDvZ7nY6FFMehjFd5n_square_320.jpg",
            "width": 320,
          },
          Object {
            "height": 768,
            "url": "https://public.pre.mykross.kross.pl/cycling-map/geBfainF5oLEFMyRyOjZZIedImdwfDyv/hxuDvZ7nY6FFMehjFd5n_square_768.jpg",
            "width": 768,
          },
          Object {
            "height": 1156,
            "url": "https://public.pre.mykross.kross.pl/cycling-map/geBfainF5oLEFMyRyOjZZIedImdwfDyv/hxuDvZ7nY6FFMehjFd5n_square_1156.jpg",
            "width": 1156,
          },
        ],
        "vertical": Array [
          Object {
            "height": 400,
            "url": "https://public.pre.mykross.kross.pl/cycling-map/geBfainF5oLEFMyRyOjZZIedImdwfDyv/hxuDvZ7nY6FFMehjFd5n_vertical_320.jpg",
            "width": 320,
          },
          Object {
            "height": 960,
            "url": "https://public.pre.mykross.kross.pl/cycling-map/geBfainF5oLEFMyRyOjZZIedImdwfDyv/hxuDvZ7nY6FFMehjFd5n_vertical_768.jpg",
            "width": 768,
          },
          Object {
            "height": 1445,
            "url": "https://public.pre.mykross.kross.pl/cycling-map/geBfainF5oLEFMyRyOjZZIedImdwfDyv/hxuDvZ7nY6FFMehjFd5n_vertical_1156.jpg",
            "width": 1156,
          },
        ],
      },
    },
    Object {
      "id": "kZNyM_t_Lv-ConfPIpCF",
      "type": "photo",
      "variants": Object {
        "horizontal": Array [
          Object {
            "height": 256,
            "url": "https://public.pre.mykross.kross.pl/cycling-map/geBfainF5oLEFMyRyOjZZIedImdwfDyv/kZNyM_t_Lv-ConfPIpCF_horizontal_320.jpg",
            "width": 320,
          },
          Object {
            "height": 614,
            "url": "https://public.pre.mykross.kross.pl/cycling-map/geBfainF5oLEFMyRyOjZZIedImdwfDyv/kZNyM_t_Lv-ConfPIpCF_horizontal_768.jpg",
            "width": 768,
          },
          Object {
            "height": 1234,
            "url": "https://public.pre.mykross.kross.pl/cycling-map/geBfainF5oLEFMyRyOjZZIedImdwfDyv/kZNyM_t_Lv-ConfPIpCF_horizontal_1542.jpg",
            "width": 1542,
          },
        ],
        "share": Array [
          Object {
            "height": 168,
            "url": "https://public.pre.mykross.kross.pl/cycling-map/geBfainF5oLEFMyRyOjZZIedImdwfDyv/kZNyM_t_Lv-ConfPIpCF_share_320.jpg",
            "width": 320,
          },
          Object {
            "height": 402,
            "url": "https://public.pre.mykross.kross.pl/cycling-map/geBfainF5oLEFMyRyOjZZIedImdwfDyv/kZNyM_t_Lv-ConfPIpCF_share_768.jpg",
            "width": 768,
          },
          Object {
            "height": 807,
            "url": "https://public.pre.mykross.kross.pl/cycling-map/geBfainF5oLEFMyRyOjZZIedImdwfDyv/kZNyM_t_Lv-ConfPIpCF_share_1542.jpg",
            "width": 1542,
          },
        ],
        "square": Array [
          Object {
            "height": 320,
            "url": "https://public.pre.mykross.kross.pl/cycling-map/geBfainF5oLEFMyRyOjZZIedImdwfDyv/kZNyM_t_Lv-ConfPIpCF_square_320.jpg",
            "width": 320,
          },
          Object {
            "height": 768,
            "url": "https://public.pre.mykross.kross.pl/cycling-map/geBfainF5oLEFMyRyOjZZIedImdwfDyv/kZNyM_t_Lv-ConfPIpCF_square_768.jpg",
            "width": 768,
          },
          Object {
            "height": 1542,
            "url": "https://public.pre.mykross.kross.pl/cycling-map/geBfainF5oLEFMyRyOjZZIedImdwfDyv/kZNyM_t_Lv-ConfPIpCF_square_1542.jpg",
            "width": 1542,
          },
        ],
        "vertical": Array [
          Object {
            "height": 400,
            "url": "https://public.pre.mykross.kross.pl/cycling-map/geBfainF5oLEFMyRyOjZZIedImdwfDyv/kZNyM_t_Lv-ConfPIpCF_vertical_320.jpg",
            "width": 320,
          },
          Object {
            "height": 960,
            "url": "https://public.pre.mykross.kross.pl/cycling-map/geBfainF5oLEFMyRyOjZZIedImdwfDyv/kZNyM_t_Lv-ConfPIpCF_vertical_768.jpg",
            "width": 768,
          },
          Object {
            "height": 1928,
            "url": "https://public.pre.mykross.kross.pl/cycling-map/geBfainF5oLEFMyRyOjZZIedImdwfDyv/kZNyM_t_Lv-ConfPIpCF_vertical_1542.jpg",
            "width": 1542,
          },
        ],
      },
    },
    Object {
      "id": "map",
      "type": "map",
      "variants": Object {
        "horizontal": Array [
          Object {
            "height": 205,
            "url": "https://public.pre.mykross.kross.pl/cycling-map/geBfainF5oLEFMyRyOjZZIedImdwfDyv/map_horizontal_256.png",
            "width": 256,
          },
          Object {
            "height": 410,
            "url": "https://public.pre.mykross.kross.pl/cycling-map/geBfainF5oLEFMyRyOjZZIedImdwfDyv/map_horizontal_512.png",
            "width": 512,
          },
          Object {
            "height": 820,
            "url": "https://public.pre.mykross.kross.pl/cycling-map/geBfainF5oLEFMyRyOjZZIedImdwfDyv/map_horizontal_1024.png",
            "width": 1024,
          },
        ],
        "share": Array [
          Object {
            "height": 134,
            "url": "https://public.pre.mykross.kross.pl/cycling-map/geBfainF5oLEFMyRyOjZZIedImdwfDyv/map_share_256.png",
            "width": 256,
          },
          Object {
            "height": 268,
            "url": "https://public.pre.mykross.kross.pl/cycling-map/geBfainF5oLEFMyRyOjZZIedImdwfDyv/map_share_512.png",
            "width": 512,
          },
          Object {
            "height": 536,
            "url": "https://public.pre.mykross.kross.pl/cycling-map/geBfainF5oLEFMyRyOjZZIedImdwfDyv/map_share_1024.png",
            "width": 1024,
          },
        ],
        "square": Array [
          Object {
            "height": 256,
            "url": "https://public.pre.mykross.kross.pl/cycling-map/geBfainF5oLEFMyRyOjZZIedImdwfDyv/map_square_256.png",
            "width": 256,
          },
          Object {
            "height": 512,
            "url": "https://public.pre.mykross.kross.pl/cycling-map/geBfainF5oLEFMyRyOjZZIedImdwfDyv/map_square_512.png",
            "width": 512,
          },
          Object {
            "height": 1024,
            "url": "https://public.pre.mykross.kross.pl/cycling-map/geBfainF5oLEFMyRyOjZZIedImdwfDyv/map_square_1024.png",
            "width": 1024,
          },
        ],
        "vertical": Array [
          Object {
            "height": 320,
            "url": "https://public.pre.mykross.kross.pl/cycling-map/geBfainF5oLEFMyRyOjZZIedImdwfDyv/map_vertical_256.png",
            "width": 256,
          },
          Object {
            "height": 640,
            "url": "https://public.pre.mykross.kross.pl/cycling-map/geBfainF5oLEFMyRyOjZZIedImdwfDyv/map_vertical_512.png",
            "width": 512,
          },
          Object {
            "height": 1280,
            "url": "https://public.pre.mykross.kross.pl/cycling-map/geBfainF5oLEFMyRyOjZZIedImdwfDyv/map_vertical_1024.png",
            "width": 1024,
          },
        ],
      },
    },
    Object {
      "id": "oAcJWsGbai3XUjWPhHBr",
      "type": "photo",
      "variants": Object {
        "horizontal": Array [
          Object {
            "height": 256,
            "url": "https://public.pre.mykross.kross.pl/cycling-map/geBfainF5oLEFMyRyOjZZIedImdwfDyv/oAcJWsGbai3XUjWPhHBr_horizontal_320.jpg",
            "width": 320,
          },
          Object {
            "height": 614,
            "url": "https://public.pre.mykross.kross.pl/cycling-map/geBfainF5oLEFMyRyOjZZIedImdwfDyv/oAcJWsGbai3XUjWPhHBr_horizontal_768.jpg",
            "width": 768,
          },
          Object {
            "height": 925,
            "url": "https://public.pre.mykross.kross.pl/cycling-map/geBfainF5oLEFMyRyOjZZIedImdwfDyv/oAcJWsGbai3XUjWPhHBr_horizontal_1156.jpg",
            "width": 1156,
          },
        ],
        "share": Array [
          Object {
            "height": 168,
            "url": "https://public.pre.mykross.kross.pl/cycling-map/geBfainF5oLEFMyRyOjZZIedImdwfDyv/oAcJWsGbai3XUjWPhHBr_share_320.jpg",
            "width": 320,
          },
          Object {
            "height": 402,
            "url": "https://public.pre.mykross.kross.pl/cycling-map/geBfainF5oLEFMyRyOjZZIedImdwfDyv/oAcJWsGbai3XUjWPhHBr_share_768.jpg",
            "width": 768,
          },
          Object {
            "height": 605,
            "url": "https://public.pre.mykross.kross.pl/cycling-map/geBfainF5oLEFMyRyOjZZIedImdwfDyv/oAcJWsGbai3XUjWPhHBr_share_1156.jpg",
            "width": 1156,
          },
        ],
        "square": Array [
          Object {
            "height": 320,
            "url": "https://public.pre.mykross.kross.pl/cycling-map/geBfainF5oLEFMyRyOjZZIedImdwfDyv/oAcJWsGbai3XUjWPhHBr_square_320.jpg",
            "width": 320,
          },
          Object {
            "height": 768,
            "url": "https://public.pre.mykross.kross.pl/cycling-map/geBfainF5oLEFMyRyOjZZIedImdwfDyv/oAcJWsGbai3XUjWPhHBr_square_768.jpg",
            "width": 768,
          },
          Object {
            "height": 1156,
            "url": "https://public.pre.mykross.kross.pl/cycling-map/geBfainF5oLEFMyRyOjZZIedImdwfDyv/oAcJWsGbai3XUjWPhHBr_square_1156.jpg",
            "width": 1156,
          },
        ],
        "vertical": Array [
          Object {
            "height": 400,
            "url": "https://public.pre.mykross.kross.pl/cycling-map/geBfainF5oLEFMyRyOjZZIedImdwfDyv/oAcJWsGbai3XUjWPhHBr_vertical_320.jpg",
            "width": 320,
          },
          Object {
            "height": 960,
            "url": "https://public.pre.mykross.kross.pl/cycling-map/geBfainF5oLEFMyRyOjZZIedImdwfDyv/oAcJWsGbai3XUjWPhHBr_vertical_768.jpg",
            "width": 768,
          },
          Object {
            "height": 1445,
            "url": "https://public.pre.mykross.kross.pl/cycling-map/geBfainF5oLEFMyRyOjZZIedImdwfDyv/oAcJWsGbai3XUjWPhHBr_vertical_1156.jpg",
            "width": 1156,
          },
        ],
      },
    },
    Object {
      "id": "wEJ4nFYQOdyxrc2zR8lh",
      "type": "photo",
      "variants": Object {
        "horizontal": Array [
          Object {
            "height": 256,
            "url": "https://public.pre.mykross.kross.pl/cycling-map/geBfainF5oLEFMyRyOjZZIedImdwfDyv/wEJ4nFYQOdyxrc2zR8lh_horizontal_320.jpg",
            "width": 320,
          },
          Object {
            "height": 614,
            "url": "https://public.pre.mykross.kross.pl/cycling-map/geBfainF5oLEFMyRyOjZZIedImdwfDyv/wEJ4nFYQOdyxrc2zR8lh_horizontal_768.jpg",
            "width": 768,
          },
          Object {
            "height": 925,
            "url": "https://public.pre.mykross.kross.pl/cycling-map/geBfainF5oLEFMyRyOjZZIedImdwfDyv/wEJ4nFYQOdyxrc2zR8lh_horizontal_1156.jpg",
            "width": 1156,
          },
        ],
        "share": Array [
          Object {
            "height": 168,
            "url": "https://public.pre.mykross.kross.pl/cycling-map/geBfainF5oLEFMyRyOjZZIedImdwfDyv/wEJ4nFYQOdyxrc2zR8lh_share_320.jpg",
            "width": 320,
          },
          Object {
            "height": 402,
            "url": "https://public.pre.mykross.kross.pl/cycling-map/geBfainF5oLEFMyRyOjZZIedImdwfDyv/wEJ4nFYQOdyxrc2zR8lh_share_768.jpg",
            "width": 768,
          },
          Object {
            "height": 605,
            "url": "https://public.pre.mykross.kross.pl/cycling-map/geBfainF5oLEFMyRyOjZZIedImdwfDyv/wEJ4nFYQOdyxrc2zR8lh_share_1156.jpg",
            "width": 1156,
          },
        ],
        "square": Array [
          Object {
            "height": 320,
            "url": "https://public.pre.mykross.kross.pl/cycling-map/geBfainF5oLEFMyRyOjZZIedImdwfDyv/wEJ4nFYQOdyxrc2zR8lh_square_320.jpg",
            "width": 320,
          },
          Object {
            "height": 768,
            "url": "https://public.pre.mykross.kross.pl/cycling-map/geBfainF5oLEFMyRyOjZZIedImdwfDyv/wEJ4nFYQOdyxrc2zR8lh_square_768.jpg",
            "width": 768,
          },
          Object {
            "height": 1156,
            "url": "https://public.pre.mykross.kross.pl/cycling-map/geBfainF5oLEFMyRyOjZZIedImdwfDyv/wEJ4nFYQOdyxrc2zR8lh_square_1156.jpg",
            "width": 1156,
          },
        ],
        "vertical": Array [
          Object {
            "height": 400,
            "url": "https://public.pre.mykross.kross.pl/cycling-map/geBfainF5oLEFMyRyOjZZIedImdwfDyv/wEJ4nFYQOdyxrc2zR8lh_vertical_320.jpg",
            "width": 320,
          },
          Object {
            "height": 960,
            "url": "https://public.pre.mykross.kross.pl/cycling-map/geBfainF5oLEFMyRyOjZZIedImdwfDyv/wEJ4nFYQOdyxrc2zR8lh_vertical_768.jpg",
            "width": 768,
          },
          Object {
            "height": 1445,
            "url": "https://public.pre.mykross.kross.pl/cycling-map/geBfainF5oLEFMyRyOjZZIedImdwfDyv/wEJ4nFYQOdyxrc2zR8lh_vertical_1156.jpg",
            "width": 1156,
          },
        ],
      },
    },
  ],
  "isPublic": true,
  "isUserFavorite": undefined,
  "location": undefined,
  "name": "Test route",
  "nearestPoint": undefined,
  "optionsEnums": Object {
    "difficultyOptions": Array [],
    "reactions": Array [],
    "surfacesOptions": Array [],
    "tagsOptions": Array [],
  },
  "ownerId": undefined,
  "path": undefined,
  "publishedAt": "2021-06-23T13:52:42.000Z",
  "rating": undefined,
  "reaction": undefined,
  "reactions": Object {
    "like": 0,
    "love": 0,
    "wow": 0,
  },
  "surface": Array [
    "asphalt",
    "unpaved",
  ],
  "tags": Array [
    "city",
    "relic",
    "historic-trail",
    "professional",
  ],
  "thumbnails": undefined,
  "time": 9,
  "totalTime": undefined,
}
`;
